// Jest Snapshot v1, https://goo.gl/fbAQLP

exports[`Snapshot a <Dancer /> with some props 1`] = `
<div
  className="a"
  id="b"
  style={
    Object {
      "margin": 100,
    }
  }
/>
`;

exports[`Snapshot a simple <Dancer /> 1`] = `<div />`;
